../Core/Src/main.c:73:6:HAL_TIM_PWM_PulseFinishedCallback	16	static
../Core/Src/main.c:79:6:Set_LED	24	static
../Core/Src/main.c:89:6:Set_Brightness	16	static
../Core/Src/main.c:111:6:WS2812_Send	32	static
../Core/Src/main.c:150:6:Reset_LED	16	static
../Core/Src/main.c:166:9:rainbow_effect_left	24	static
../Core/Src/main.c:203:9:rainbow_effect_right	24	static
../Core/Src/main.c:242:5:main	8	static
../Core/Src/main.c:299:6:SystemClock_Config	120	static
../Core/Src/main.c:358:13:MX_TIM1_Init	112	static
../Core/Src/main.c:436:13:MX_DMA_Init	16	static
../Core/Src/main.c:454:13:MX_GPIO_Init	16	static
../Core/Src/main.c:475:6:Error_Handler	4	static,ignoring_inline_asm
